#-----------------------------------------------------------
# Vivado v2025.2 (64-bit)
# SW Build 6299465 on Fri Nov 14 19:35:11 GMT 2025
# IP Build 6300035 on Fri Nov 14 10:48:45 MST 2025
# SharedData Build 6298862 on Thu Nov 13 04:50:51 MST 2025
# Start of session at: Tue Mar 31 08:06:32 2026
# Process ID         : 9588
# Current directory  : D:/placment/task/Day3/mux2X1 demux1X2/Mux2X1 Demux1X2.runs/synth_1
# Command line       : vivado.exe -log demux1x2_df.vds -product Vivado -mode batch -messageDb vivado.pb -notrace -source demux1x2_df.tcl
# Log file           : D:/placment/task/Day3/mux2X1 demux1X2/Mux2X1 Demux1X2.runs/synth_1/demux1x2_df.vds
# Journal file       : D:/placment/task/Day3/mux2X1 demux1X2/Mux2X1 Demux1X2.runs/synth_1\vivado.jou
# Running On         : LAPTOP-G8VL8P84
# Platform           : Windows Server 2016 or Windows 10
# Operating System   : 26200
# Processor Detail   : 13th Gen Intel(R) Core(TM) i5-1340P
# CPU Frequency      : 2189 MHz
# CPU Physical cores : 12
# CPU Logical cores  : 16
# Host memory        : 16803 MB
# Swap memory        : 5368 MB
# Total Virtual      : 22171 MB
# Available Virtual  : 5796 MB
#-----------------------------------------------------------
source demux1x2_df.tcl -notrace
