#-----------------------------------------------------------
# Vivado v2025.2 (64-bit)
# SW Build 6299465 on Fri Nov 14 19:35:11 GMT 2025
# IP Build 6300035 on Fri Nov 14 10:48:45 MST 2025
# SharedData Build 6298862 on Thu Nov 13 04:50:51 MST 2025
# Start of session at: Mon Mar 30 14:08:32 2026
# Process ID         : 9332
# Current directory  : D:/placment/task/Day2/Sum_Sub of Two No/Sum_Sub of Two No.runs/synth_1
# Command line       : vivado.exe -log full_adder_gl.vds -product Vivado -mode batch -messageDb vivado.pb -notrace -source full_adder_gl.tcl
# Log file           : D:/placment/task/Day2/Sum_Sub of Two No/Sum_Sub of Two No.runs/synth_1/full_adder_gl.vds
# Journal file       : D:/placment/task/Day2/Sum_Sub of Two No/Sum_Sub of Two No.runs/synth_1\vivado.jou
# Running On         : LAPTOP-G8VL8P84
# Platform           : Windows Server 2016 or Windows 10
# Operating System   : 26200
# Processor Detail   : 13th Gen Intel(R) Core(TM) i5-1340P
# CPU Frequency      : 2189 MHz
# CPU Physical cores : 12
# CPU Logical cores  : 16
# Host memory        : 16803 MB
# Swap memory        : 5368 MB
# Total Virtual      : 22171 MB
# Available Virtual  : 9959 MB
#-----------------------------------------------------------
source full_adder_gl.tcl -notrace
